// Jest Snapshot v1, https://goo.gl/fbAQLP

exports[`should handle class extends 1`] = `
"declare class extension {
  getString(): string;
}
declare class extender extends extension {
  getNumber(): number;
}
"
`;

exports[`should handle class implements 1`] = `
"declare interface implementation {
  getString(): string;
}
declare class implementor implements implementation {
  getString(): string;
}
"
`;

exports[`should handle class implements and extends 1`] = `
"declare interface implementation1 {
  getString(): string;
}
declare interface implementation2 {
  getNumber(): number;
}
declare class extension {}
declare class implementor
  extends extension
  implements implementation1, implementation2
{
  getString(): string;
  getNumber(): number;
}
"
`;

exports[`should handle static methods ES6 classes 1`] = `
"declare class Subscribable<T> {}
declare class Operator<T, R> {}
declare class Observable<T> extends Subscribable<T> {
  create: Function;
  static create: Function;
  lift<R>(operator: Operator<T, R>): Observable<R>;
  static lift<R>(operator: Operator<T, R>): Observable<R>;
  +foo: number;
  static +bar: string;
  baz?: string;
  +quux?: number;
  static quick?: Symbol;
  static +fox?: string;
  jump?: () => void;
  +jump?: () => void;
  static +jump?: () => void;
  cfnProperties: {
    [key: string]: any,
  };
  static fooGet: string;
}
"
`;
